[debug] [2026-07-24T09:29:44.655Z] : 
[debug] [2026-07-24T09:29:44.658Z] : ----------------------------------------------------------------------
[debug] [2026-07-24T09:29:44.658Z] : Command:      C:\Program Files\nodejs\node.exe C:\Users\ISHAAN\AppData\Roaming\npm\node_modules\zcatalyst-cli\lib\bin\catalyst.js init appsail
[debug] [2026-07-24T09:29:44.659Z] : CLI Version:  1.27.0
[debug] [2026-07-24T09:29:44.659Z] : Platform:     win32
[debug] [2026-07-24T09:29:44.659Z] : Node Version: v23.11.0
[debug] [2026-07-24T09:29:44.660Z] : Time:         Fri Jul 24 2026 14:59:44 GMT+0530 (India Standard Time)
[debug] [2026-07-24T09:29:44.660Z] : ----------------------------------------------------------------------
[debug] [2026-07-24T09:29:44.660Z] : 
[debug] [2026-07-24T09:29:49.583Z] : > authorizing via signed-in user option
[debug] [2026-07-24T09:29:49.585Z] : > command requires scopes: ["ZohoCatalyst.projects.ALL","ZohoCatalyst.projects.ALL","ZohoCatalyst.project.import.CREATE"]
[debug] [2026-07-24T09:29:49.859Z] : >>>> HTTP REQUEST : GET https://api.catalyst.zoho.in/baas/v1/project/43330000000013048 

[debug] [2026-07-24T09:29:50.099Z] : <<<< HTTP RESPONSE : 200
Response Headers: {"server":"ZGS","date":"Fri, 24 Jul 2026 09:29:51 GMT","content-type":"application/vnd.catalyst.v2+json","transfer-encoding":"chunked","connection":"keep-alive","x-content-type-options":"nosniff","cache-control":"private,no-cache,no-store,max-age=0,must-revalidate","pragma":"no-cache","expires":"Thu, 01 Jan 1970 00:00:00 GMT","x-frame-options":"DENY","strict-transport-security":"max-age=64072000; includeSubDomains; preload"}

[debug] [2026-07-24T09:29:50.105Z] : >>>> HTTP REQUEST : GET https://api.catalyst.zoho.in/baas/v1/project/43330000000013048/environment 

[debug] [2026-07-24T09:29:50.149Z] : <<<< HTTP RESPONSE : 200
Response Headers: {"server":"ZGS","date":"Fri, 24 Jul 2026 09:29:51 GMT","content-type":"application/vnd.catalyst.v2+json","transfer-encoding":"chunked","connection":"keep-alive","x-content-type-options":"nosniff","cache-control":"private,no-cache,no-store,max-age=0,must-revalidate","pragma":"no-cache","expires":"Thu, 01 Jan 1970 00:00:00 GMT","x-frame-options":"DENY","strict-transport-security":"max-age=64072000; includeSubDomains; preload"}

[info] [2026-07-24T09:29:50.155Z] : 
      ___  
      \  \     ____           _             _                 _   
   ___ \  \   / ___|   __ _  | |_    __ _  | |  _   _   ___  | |_ 
  /  / /  /  | |      / _` | | __|  / _` | | | | | | | / __| | __|
 /  / /__/   | |___  | (_| | | |_  | (_| | | | | |_| | \__ \ | |_ 
 \  \         \____|  \__,_|  \__|  \__,_| |_|  \__, | |___/  \__|
  \__\                                          |___/       

You're about to initialize a Catalyst project in this directory:

  C:\Ishaan GPT\APPS\Kawach\police\backend

Before we get started, keep in mind:

  * You are currently outside your home directory
  * You are initializing in an existing Catalyst project directory
[info] [2026-07-24T09:29:50.199Z] : 
[info] [2026-07-24T09:29:50.201Z] : i .catalystrc already has kawach as a default project. To overwrite use --force option
[info] [2026-07-24T09:29:50.225Z] : 
[info] [2026-07-24T09:29:50.226Z] : ===> Appsail Setup
[info] [2026-07-24T09:29:50.253Z] : 
[info] [2026-07-24T09:29:50.254Z] : => Configure AppSail
